// Jest Snapshot v1, https://goo.gl/fbAQLP

exports[`Button Atom Component Snapshot 1`] = `
<TextInput
  onChangeText={[Function]}
  placeholder="Custom Input"
  secureTextEntry={false}
  style={
    Object {
      "borderColor": "#908D8E",
      "borderRadius": 5,
      "borderWidth": 1,
      "padding": 10,
      "width": "100%",
    }
  }
  testID="atom-input"
  value=""
/>
`;
