// Jest Snapshot v1, https://goo.gl/fbAQLP

exports[`Molecule SwitchLabel Component Snapshot 1`] = `
<View
  testID="molecule-switchLabel"
>
  <RCTSwitch
    accessibilityRole="switch"
    onChange={[Function]}
    onResponderTerminationRequest={[Function]}
    onStartShouldSetResponder={[Function]}
    onTintColor="#fc296f"
    style={
      Object {
        "height": 31,
        "width": 51,
      }
    }
    thumbTintColor="#908D8E"
    tintColor="#908D8E"
    value={false}
  />
  <Text
    style={
      Object {
        "color": "black",
        "marginBottom": 2,
      }
    }
  >
    Molecule switch label
  </Text>
</View>
`;
