// Jest Snapshot v1, https://goo.gl/fbAQLP

exports[`Organism RegisterForm Component Snapshot 1`] = `
<View
  style={
    Object {
      "alignItems": "center",
    }
  }
>
  <View
    style={
      Object {
        "marginVertical": 5,
        "width": "100%",
      }
    }
  >
    <View
      style={
        Object {
          "marginTop": 20,
        }
      }
    >
      <View>
        <Text
          style={
            Object {
              "color": "black",
              "marginBottom": 2,
            }
          }
          testID="organism-registerForm-email-input-label"
        >
          Email
        </Text>
        <TextInput
          onChangeText={[Function]}
          placeholder="email"
          secureTextEntry={false}
          style={
            Object {
              "borderColor": "#908D8E",
              "borderRadius": 5,
              "borderWidth": 1,
              "padding": 10,
              "width": "100%",
            }
          }
          testID="organism-registerForm-email-input-input"
          value=""
        />
      </View>
    </View>
    <View
      style={
        Object {
          "marginTop": 20,
        }
      }
    >
      <View>
        <Text
          style={
            Object {
              "color": "black",
              "marginBottom": 2,
            }
          }
          testID="organism-registerForm-password-input-label"
        >
          Password
        </Text>
        <TextInput
          onChangeText={[Function]}
          placeholder="password"
          secureTextEntry={true}
          style={
            Object {
              "borderColor": "#908D8E",
              "borderRadius": 5,
              "borderWidth": 1,
              "padding": 10,
              "width": "100%",
            }
          }
          testID="organism-registerForm-password-input-input"
          value=""
        />
      </View>
    </View>
  </View>
  <View
    style={
      Object {
        "marginVertical": 15,
        "width": "100%",
      }
    }
  >
    <View
      accessibilityLabel="SIGN UP"
      accessibilityRole="button"
      accessible={true}
      collapsable={false}
      focusable={true}
      onClick={[Function]}
      onResponderGrant={[Function]}
      onResponderMove={[Function]}
      onResponderRelease={[Function]}
      onResponderTerminate={[Function]}
      onResponderTerminationRequest={[Function]}
      onStartShouldSetResponder={[Function]}
      style={
        Object {
          "opacity": 1,
        }
      }
      testID="organism-registerForm-submit-button"
    >
      <View
        style={
          Array [
            Object {},
          ]
        }
      >
        <Text
          style={
            Array [
              Object {
                "color": "#007AFF",
                "fontSize": 18,
                "margin": 8,
                "textAlign": "center",
              },
              Object {
                "color": "#fc296f",
              },
            ]
          }
        >
          SIGN UP
        </Text>
      </View>
    </View>
  </View>
</View>
`;
